scripts/mediconnect-phase4-guide.sh: line 109: pytest: command not found
